// Jest Snapshot v1, https://goo.gl/fbAQLP

exports[`renders 1`] = `
<DocumentFragment>
  <div
    class="MuiContainer-root MuiContainer-maxWidthSm"
  >
    <div
      class="MuiPaper-root makeStyles-root-1 MuiPaper-elevation1"
    >
      <img
        alt="logo"
        class="makeStyles-logo-2"
        src="logo.svg"
      />
      <div
        class="MuiBox-root MuiBox-root-3"
      >
        <svg
          aria-hidden="true"
          class="MuiSvgIcon-root"
          focusable="false"
          viewBox="0 0 24 24"
        >
          <path
            d="M12 .3a12 12 0 0 0-3.8 23.4c.6.1.8-.3.8-.6v-2c-3.3.7-4-1.6-4-1.6-.6-1.4-1.4-1.8-1.4-1.8-1-.7.1-.7.1-.7 1.2 0 1.9 1.2 1.9 1.2 1 1.8 2.8 1.3 3.5 1 0-.8.4-1.3.7-1.6-2.7-.3-5.5-1.3-5.5-6 0-1.2.5-2.3 1.3-3.1-.2-.4-.6-1.6 0-3.2 0 0 1-.3 3.4 1.2a11.5 11.5 0 0 1 6 0c2.3-1.5 3.3-1.2 3.3-1.2.6 1.6.2 2.8 0 3.2.9.8 1.3 1.9 1.3 3.2 0 4.6-2.8 5.6-5.5 5.9.5.4.9 1 .9 2.2v3.3c0 .3.1.7.8.6A12 12 0 0 0 12 .3"
          />
        </svg>
        <div
          class="MuiBox-root MuiBox-root-4"
        >
          <a
            class="MuiTypography-root MuiLink-root MuiLink-underlineHover MuiTypography-h6 MuiTypography-colorTextPrimary"
            href="https://github.com/tushar2289/webapp-react-boilerplate"
          >
            Source code
          </a>
        </div>
      </div>
      <div
        class="MuiBox-root MuiBox-root-5"
      >
        <span
          class="MuiTypography-root MuiTypography-caption"
        >
          This project was built using the following:
        </span>
        <a
          class="MuiTypography-root MuiLink-root MuiLink-underlineHover MuiTypography-h6 MuiTypography-colorTextPrimary MuiTypography-displayBlock"
          href="https://reactjs.org/"
        >
          React
        </a>
        <a
          class="MuiTypography-root MuiLink-root MuiLink-underlineHover MuiTypography-h6 MuiTypography-colorTextPrimary MuiTypography-displayBlock"
          href="https://mobx-state-tree.js.org/intro/philosophy"
        >
          MobX
        </a>
        <a
          class="MuiTypography-root MuiLink-root MuiLink-underlineHover MuiTypography-h6 MuiTypography-colorTextPrimary MuiTypography-displayBlock"
          href="https://material-ui.com/"
        >
          Material UI
        </a>
        <a
          class="MuiTypography-root MuiLink-root MuiLink-underlineHover MuiTypography-h6 MuiTypography-colorTextPrimary MuiTypography-displayBlock"
          href="https://github.com/axios/axios"
        >
          Axios
        </a>
        <a
          class="MuiTypography-root MuiLink-root MuiLink-underlineHover MuiTypography-h6 MuiTypography-colorTextPrimary MuiTypography-displayBlock"
          href="https://www.typescriptlang.org/"
        >
          Typescript
        </a>
      </div>
      <div
        class="MuiBox-root MuiBox-root-6"
      >
        <h5
          class="MuiTypography-root MuiTypography-h5"
        >
          Made with 
          <svg
            aria-hidden="true"
            class="MuiSvgIcon-root MuiSvgIcon-colorError"
            focusable="false"
            viewBox="0 0 24 24"
          >
            <path
              d="M12 21.35l-1.45-1.32C5.4 15.36 2 12.28 2 8.5 2 5.42 4.42 3 7.5 3c1.74 0 3.41.81 4.5 2.09C13.09 3.81 14.76 3 16.5 3 19.58 3 22 5.42 22 8.5c0 3.78-3.4 6.86-8.55 11.54L12 21.35z"
            />
          </svg>
           in India
        </h5>
      </div>
    </div>
  </div>
</DocumentFragment>
`;
